// Jest Snapshot v1, https://goo.gl/fbAQLP

exports[`xml everything on 1`] = `"<?xml version=\\"1.0\\" encoding=\\"UTF-8\\"?><rss xmlns:dc=\\"http://purl.org/dc/elements/1.1/\\" xmlns:content=\\"http://purl.org/rss/1.0/modules/content/\\" xmlns:atom=\\"http://www.w3.org/2005/Atom\\" version=\\"2.0\\" xmlns:geo=\\"http://www.w3.org/2003/01/geo/wgs84_pos#\\"><channel><title><![CDATA[My Blog]]></title><description><![CDATA[Posts from my blog]]></description><link>https://myblog.com</link><image><url>https://myblog.com/cover-image.png</url><title>My Blog</title><link>https://myblog.com</link></image><generator>my rss generator</generator><lastBuildDate>Sat, 17 Aug 2019 15:43:02 GMT</lastBuildDate><atom:link href=\\"https://myblog.com/feed.xml\\" rel=\\"self\\" type=\\"application/rss+xml\\"/><pubDate>Sun, 18 Aug 2019 00:00:00 GMT</pubDate><copyright><![CDATA[2019]]></copyright><language><![CDATA[en-US]]></language><managingEditor><![CDATA[First McName]]></managingEditor><webMaster><![CDATA[Name Last]]></webMaster><docs>https://myblog.com/feed-docs</docs><ttl>1440</ttl><atom:link href=\\"https://myblog.com/hub\\" rel=\\"hub\\"/><category><![CDATA[sci-fi]]></category><category><![CDATA[technology]]></category><item><title><![CDATA[Item 1]]></title><description><![CDATA[This is item 1]]></description><link>https://myblog.com/1</link><guid isPermaLink=\\"false\\">https://myblog.com/guid-1</guid><category><![CDATA[poetry]]></category><category><![CDATA[music]]></category><dc:creator><![CDATA[Jack Nimble]]></dc:creator><pubDate>Tue, 01 Jan 2019 00:00:00 GMT</pubDate><geo:lat>30</geo:lat><geo:long>25</geo:long><enclosure url=\\"https://myblog.com/episode-1\\" length=\\"1024\\" type=\\"image/png\\"/></item><item><title><![CDATA[Item 2]]></title><description><![CDATA[This is item 2]]></description><link>https://myblog.com/2</link><guid isPermaLink=\\"false\\">https://myblog.com/guid-2</guid><category><![CDATA[poetry]]></category><category><![CDATA[music]]></category><dc:creator><![CDATA[Jack Nimble]]></dc:creator><pubDate>Fri, 01 Feb 2019 00:00:00 GMT</pubDate><geo:lat>30</geo:lat><geo:long>25</geo:long><enclosure url=\\"https://myblog.com/episode-2\\" length=\\"2048\\" type=\\"image/png\\"/></item></channel></rss>"`;

exports[`xml minimal 1`] = `"<?xml version=\\"1.0\\" encoding=\\"UTF-8\\"?><rss xmlns:dc=\\"http://purl.org/dc/elements/1.1/\\" xmlns:content=\\"http://purl.org/rss/1.0/modules/content/\\" xmlns:atom=\\"http://www.w3.org/2005/Atom\\" version=\\"2.0\\"><channel><title><![CDATA[My Blog]]></title><description><![CDATA[My Blog]]></description><link>https://myblog.com</link><generator>RSS for Node</generator><lastBuildDate>Sat, 17 Aug 2019 15:43:02 GMT</lastBuildDate><atom:link href=\\"https://myblog.com/feed.xml\\" rel=\\"self\\" type=\\"application/rss+xml\\"/><item><title><![CDATA[Item 1]]></title><description><![CDATA[This is item 1]]></description><link>https://myblog.com/1</link><guid isPermaLink=\\"true\\">https://myblog.com/1</guid><pubDate>Tue, 01 Jan 2019 00:00:00 GMT</pubDate></item><item><title><![CDATA[Item 2]]></title><description><![CDATA[This is item 2]]></description><link>https://myblog.com/2</link><guid isPermaLink=\\"true\\">https://myblog.com/2</guid><pubDate>Fri, 01 Feb 2019 00:00:00 GMT</pubDate></item></channel></rss>"`;

exports[`xml normalizes urls in feedOptions 1`] = `"<?xml version=\\"1.0\\" encoding=\\"UTF-8\\"?><rss xmlns:dc=\\"http://purl.org/dc/elements/1.1/\\" xmlns:content=\\"http://purl.org/rss/1.0/modules/content/\\" xmlns:atom=\\"http://www.w3.org/2005/Atom\\" version=\\"2.0\\"><channel><title><![CDATA[My Blog]]></title><description><![CDATA[My Blog]]></description><link>https://myblog.com</link><image><url>https://myblog.com/cover-image.png</url><title>My Blog</title><link>https://myblog.com</link></image><generator>RSS for Node</generator><lastBuildDate>Sat, 17 Aug 2019 15:43:02 GMT</lastBuildDate><atom:link href=\\"https://myblog.com/feed.xml\\" rel=\\"self\\" type=\\"application/rss+xml\\"/><docs>https://myblog.com/feed-docs</docs><atom:link href=\\"https://myblog.com/hub\\" rel=\\"hub\\"/><item><title><![CDATA[Item 1]]></title><description><![CDATA[This is item 1]]></description><link>https://myblog.com/1</link><guid isPermaLink=\\"true\\">https://myblog.com/1</guid><pubDate>Tue, 01 Jan 2019 00:00:00 GMT</pubDate></item><item><title><![CDATA[Item 2]]></title><description><![CDATA[This is item 2]]></description><link>https://myblog.com/2</link><guid isPermaLink=\\"true\\">https://myblog.com/2</guid><pubDate>Fri, 01 Feb 2019 00:00:00 GMT</pubDate></item></channel></rss>"`;

exports[`xml normalizes urls in itemOptions 1`] = `"<?xml version=\\"1.0\\" encoding=\\"UTF-8\\"?><rss xmlns:dc=\\"http://purl.org/dc/elements/1.1/\\" xmlns:content=\\"http://purl.org/rss/1.0/modules/content/\\" xmlns:atom=\\"http://www.w3.org/2005/Atom\\" version=\\"2.0\\"><channel><title><![CDATA[My Blog]]></title><description><![CDATA[My Blog]]></description><link>https://myblog.com</link><generator>RSS for Node</generator><lastBuildDate>Sat, 17 Aug 2019 15:43:02 GMT</lastBuildDate><atom:link href=\\"https://myblog.com/feed.xml\\" rel=\\"self\\" type=\\"application/rss+xml\\"/><item><title><![CDATA[Item 1]]></title><description><![CDATA[This is item 1]]></description><link>https://myblog.com/1</link><guid isPermaLink=\\"true\\">https://myblog.com/1</guid><pubDate>Tue, 01 Jan 2019 00:00:00 GMT</pubDate><enclosure url=\\"https://myblog.com//episode-1\\" length=\\"1024\\" type=\\"image/png\\"/></item><item><title><![CDATA[Item 2]]></title><description><![CDATA[This is item 2]]></description><link>https://myblog.com/2</link><guid isPermaLink=\\"true\\">https://myblog.com/2</guid><pubDate>Fri, 01 Feb 2019 00:00:00 GMT</pubDate><enclosure url=\\"https://myblog.com//episode-2\\" length=\\"2048\\" type=\\"image/png\\"/></item></channel></rss>"`;
